[     319ms] [INFO] %cDownload the React DevTools for a better development experience: https://reactjs.org/link/react-devtools font-weight:bold @ http://localhost:5173/node_modules/.vite/deps/chunk-YZVM2MHU.js?v=cd6fc269:21550
[     385ms] [WARNING] ⚠️ React Router Future Flag Warning: React Router will begin wrapping state updates in `React.startTransition` in v7. You can use the `v7_startTransition` future flag to opt-in early. For more information, see https://reactrouter.com/v6/upgrading/future#v7_starttransition. @ http://localhost:5173/node_modules/.vite/deps/react-router-dom.js?v=cd6fc269:4426
[     385ms] [WARNING] ⚠️ React Router Future Flag Warning: Relative route resolution within Splat routes is changing in v7. You can use the `v7_relativeSplatPath` future flag to opt-in early. For more information, see https://reactrouter.com/v6/upgrading/future#v7_relativesplatpath. @ http://localhost:5173/node_modules/.vite/deps/react-router-dom.js?v=cd6fc269:4426
[  279917ms] [ERROR] Failed to load resource: the server responded with a status of 401 (Unauthorized) @ http://localhost:8000/api/admin/users?q=&limit=25&offset=0:0
[  279924ms] [ERROR] Failed to load resource: the server responded with a status of 401 (Unauthorized) @ http://localhost:8000/api/admin/users?q=&limit=25&offset=0:0
[  834974ms] ReferenceError: AdminLayout is not defined
    at AnimatedRoutes (http://localhost:5173/src/App.tsx?t=1784111387815:190:85)
    at renderWithHooks (http://localhost:5173/node_modules/.vite/deps/chunk-YZVM2MHU.js?v=cd6fc269:11548:26)
    at updateFunctionComponent (http://localhost:5173/node_modules/.vite/deps/chunk-YZVM2MHU.js?v=cd6fc269:14582:28)
    at beginWork (http://localhost:5173/node_modules/.vite/deps/chunk-YZVM2MHU.js?v=cd6fc269:15924:22)
    at HTMLUnknownElement.callCallback2 (http://localhost:5173/node_modules/.vite/deps/chunk-YZVM2MHU.js?v=cd6fc269:3674:22)
    at Object.invokeGuardedCallbackDev (http://localhost:5173/node_modules/.vite/deps/chunk-YZVM2MHU.js?v=cd6fc269:3699:24)
    at invokeGuardedCallback (http://localhost:5173/node_modules/.vite/deps/chunk-YZVM2MHU.js?v=cd6fc269:3733:39)
    at beginWork$1 (http://localhost:5173/node_modules/.vite/deps/chunk-YZVM2MHU.js?v=cd6fc269:19765:15)
    at performUnitOfWork (http://localhost:5173/node_modules/.vite/deps/chunk-YZVM2MHU.js?v=cd6fc269:19198:20)
    at workLoopSync (http://localhost:5173/node_modules/.vite/deps/chunk-YZVM2MHU.js?v=cd6fc269:19137:13)
[  834981ms] ReferenceError: AdminLayout is not defined
    at AnimatedRoutes (http://localhost:5173/src/App.tsx?t=1784111387815:190:85)
    at renderWithHooks (http://localhost:5173/node_modules/.vite/deps/chunk-YZVM2MHU.js?v=cd6fc269:11548:26)
    at updateFunctionComponent (http://localhost:5173/node_modules/.vite/deps/chunk-YZVM2MHU.js?v=cd6fc269:14582:28)
    at beginWork (http://localhost:5173/node_modules/.vite/deps/chunk-YZVM2MHU.js?v=cd6fc269:15924:22)
    at HTMLUnknownElement.callCallback2 (http://localhost:5173/node_modules/.vite/deps/chunk-YZVM2MHU.js?v=cd6fc269:3674:22)
    at Object.invokeGuardedCallbackDev (http://localhost:5173/node_modules/.vite/deps/chunk-YZVM2MHU.js?v=cd6fc269:3699:24)
    at invokeGuardedCallback (http://localhost:5173/node_modules/.vite/deps/chunk-YZVM2MHU.js?v=cd6fc269:3733:39)
    at beginWork$1 (http://localhost:5173/node_modules/.vite/deps/chunk-YZVM2MHU.js?v=cd6fc269:19765:15)
    at performUnitOfWork (http://localhost:5173/node_modules/.vite/deps/chunk-YZVM2MHU.js?v=cd6fc269:19198:20)
    at workLoopSync (http://localhost:5173/node_modules/.vite/deps/chunk-YZVM2MHU.js?v=cd6fc269:19137:13)
[  834985ms] [ERROR] The above error occurred in the <AnimatedRoutes> component:

    at AnimatedRoutes (http://localhost:5173/src/App.tsx?t=1784111387815:48:20)
    at ErrorBoundary (http://localhost:5173/src/components/ErrorBoundary.tsx:6:16)
    at div
    at div
    at AuthProvider (http://localhost:5173/src/context/AuthContext.tsx?t=1784106830338:22:32)
    at Router (http://localhost:5173/node_modules/.vite/deps/react-router-dom.js?v=cd6fc269:4535:15)
    at BrowserRouter (http://localhost:5173/node_modules/.vite/deps/react-router-dom.js?v=cd6fc269:5273:5)
    at App

React will try to recreate this component tree from scratch using the error boundary you provided, ErrorBoundary. @ http://localhost:5173/node_modules/.vite/deps/chunk-YZVM2MHU.js?v=cd6fc269:14031
[  834986ms] [ERROR] Uncaught UI error: ReferenceError: AdminLayout is not defined
    at AnimatedRoutes (http://localhost:5173/src/App.tsx?t=1784111387815:190:85)
    at renderWithHooks (http://localhost:5173/node_modules/.vite/deps/chunk-YZVM2MHU.js?v=cd6fc269:11548:26)
    at updateFunctionComponent (http://localhost:5173/node_modules/.vite/deps/chunk-YZVM2MHU.js?v=cd6fc269:14582:28)
    at beginWork (http://localhost:5173/node_modules/.vite/deps/chunk-YZVM2MHU.js?v=cd6fc269:15924:22)
    at beginWork$1 (http://localhost:5173/node_modules/.vite/deps/chunk-YZVM2MHU.js?v=cd6fc269:19753:22)
    at performUnitOfWork (http://localhost:5173/node_modules/.vite/deps/chunk-YZVM2MHU.js?v=cd6fc269:19198:20)
    at workLoopSync (http://localhost:5173/node_modules/.vite/deps/chunk-YZVM2MHU.js?v=cd6fc269:19137:13)
    at renderRootSync (http://localhost:5173/node_modules/.vite/deps/chunk-YZVM2MHU.js?v=cd6fc269:19116:15)
    at recoverFromConcurrentError (http://localhost:5173/node_modules/.vite/deps/chunk-YZVM2MHU.js?v=cd6fc269:18736:28)
    at performSyncWorkOnRoot (http://localhost:5173/node_modules/.vite/deps/chunk-YZVM2MHU.js?v=cd6fc269:18879:28) 
    at AnimatedRoutes (http://localhost:5173/src/App.tsx?t=1784111387815:48:20)
    at ErrorBoundary (http://localhost:5173/src/components/ErrorBoundary.tsx:6:16)
    at div
    at div
    at AuthProvider (http://localhost:5173/src/context/AuthContext.tsx?t=1784106830338:22:32)
    at Router (http://localhost:5173/node_modules/.vite/deps/react-router-dom.js?v=cd6fc269:4535:15)
    at BrowserRouter (http://localhost:5173/node_modules/.vite/deps/react-router-dom.js?v=cd6fc269:5273:5)
    at App @ http://localhost:5173/src/components/ErrorBoundary.tsx:11
[  840218ms] [ERROR] Failed to load resource: the server responded with a status of 401 (Unauthorized) @ http://localhost:8000/api/admin/users?q=&limit=25&offset=0:0
[  840219ms] [ERROR] Failed to load resource: the server responded with a status of 401 (Unauthorized) @ http://localhost:8000/api/admin/users?q=&limit=25&offset=0:0
[  866657ms] [ERROR] Failed to load resource: the server responded with a status of 401 (Unauthorized) @ http://localhost:8000/api/admin/users?q=&limit=25&offset=0:0
[  866677ms] [ERROR] Failed to load resource: the server responded with a status of 401 (Unauthorized) @ http://localhost:8000/api/admin/users?q=&limit=25&offset=0:0
[  888567ms] [ERROR] Failed to load resource: the server responded with a status of 404 (Not Found) @ http://localhost:5173/src/components/AdminRoute.tsx?t=1784111441588:0
[  888568ms] [ERROR] [hmr] Failed to reload /src/components/AdminRoute.tsx. This could be due to syntax errors or importing non-existent modules. (see errors above) @ http://localhost:5173/@vite/client:175
