[     129ms] [INFO] %cDownload the React DevTools for a better development experience: https://reactjs.org/link/react-devtools font-weight:bold @ http://localhost:5173/node_modules/.vite/deps/chunk-YZVM2MHU.js?v=92dab8e4:21550
[     147ms] [WARNING] ⚠️ React Router Future Flag Warning: React Router will begin wrapping state updates in `React.startTransition` in v7. You can use the `v7_startTransition` future flag to opt-in early. For more information, see https://reactrouter.com/v6/upgrading/future#v7_starttransition. @ http://localhost:5173/node_modules/.vite/deps/react-router-dom.js?v=1047a167:4426
[     147ms] [WARNING] ⚠️ React Router Future Flag Warning: Relative route resolution within Splat routes is changing in v7. You can use the `v7_relativeSplatPath` future flag to opt-in early. For more information, see https://reactrouter.com/v6/upgrading/future#v7_relativesplatpath. @ http://localhost:5173/node_modules/.vite/deps/react-router-dom.js?v=1047a167:4426
[ 1514888ms] Error: useAuth must be used within AuthProvider
    at useAuth (http://localhost:5173/src/context/AuthContext.tsx?t=1784035372905:67:19)
    at NavBar (http://localhost:5173/src/components/NavBar.tsx?t=1784035372905:30:28)
    at renderWithHooks (http://localhost:5173/node_modules/.vite/deps/chunk-YZVM2MHU.js?v=92dab8e4:11548:26)
    at mountIndeterminateComponent (http://localhost:5173/node_modules/.vite/deps/chunk-YZVM2MHU.js?v=92dab8e4:14926:21)
    at beginWork (http://localhost:5173/node_modules/.vite/deps/chunk-YZVM2MHU.js?v=92dab8e4:15914:22)
    at HTMLUnknownElement.callCallback2 (http://localhost:5173/node_modules/.vite/deps/chunk-YZVM2MHU.js?v=92dab8e4:3674:22)
    at Object.invokeGuardedCallbackDev (http://localhost:5173/node_modules/.vite/deps/chunk-YZVM2MHU.js?v=92dab8e4:3699:24)
    at invokeGuardedCallback (http://localhost:5173/node_modules/.vite/deps/chunk-YZVM2MHU.js?v=92dab8e4:3733:39)
    at beginWork$1 (http://localhost:5173/node_modules/.vite/deps/chunk-YZVM2MHU.js?v=92dab8e4:19765:15)
    at performUnitOfWork (http://localhost:5173/node_modules/.vite/deps/chunk-YZVM2MHU.js?v=92dab8e4:19198:20)
[ 1514894ms] Error: useAuth must be used within AuthProvider
    at useAuth (http://localhost:5173/src/context/AuthContext.tsx?t=1784035372905:67:19)
    at ProtectedRoute (http://localhost:5173/src/components/ProtectedRoute.tsx?t=1784035372905:23:29)
    at renderWithHooks (http://localhost:5173/node_modules/.vite/deps/chunk-YZVM2MHU.js?v=92dab8e4:11548:26)
    at mountIndeterminateComponent (http://localhost:5173/node_modules/.vite/deps/chunk-YZVM2MHU.js?v=92dab8e4:14926:21)
    at beginWork (http://localhost:5173/node_modules/.vite/deps/chunk-YZVM2MHU.js?v=92dab8e4:15914:22)
    at HTMLUnknownElement.callCallback2 (http://localhost:5173/node_modules/.vite/deps/chunk-YZVM2MHU.js?v=92dab8e4:3674:22)
    at Object.invokeGuardedCallbackDev (http://localhost:5173/node_modules/.vite/deps/chunk-YZVM2MHU.js?v=92dab8e4:3699:24)
    at invokeGuardedCallback (http://localhost:5173/node_modules/.vite/deps/chunk-YZVM2MHU.js?v=92dab8e4:3733:39)
    at beginWork$1 (http://localhost:5173/node_modules/.vite/deps/chunk-YZVM2MHU.js?v=92dab8e4:19765:15)
    at performUnitOfWork (http://localhost:5173/node_modules/.vite/deps/chunk-YZVM2MHU.js?v=92dab8e4:19198:20)
[ 1514906ms] Error: useAuth must be used within AuthProvider
    at useAuth (http://localhost:5173/src/context/AuthContext.tsx?t=1784035372905:67:19)
    at NavBar (http://localhost:5173/src/components/NavBar.tsx?t=1784035372905:30:28)
    at renderWithHooks (http://localhost:5173/node_modules/.vite/deps/chunk-YZVM2MHU.js?v=92dab8e4:11548:26)
    at mountIndeterminateComponent (http://localhost:5173/node_modules/.vite/deps/chunk-YZVM2MHU.js?v=92dab8e4:14926:21)
    at beginWork (http://localhost:5173/node_modules/.vite/deps/chunk-YZVM2MHU.js?v=92dab8e4:15914:22)
    at HTMLUnknownElement.callCallback2 (http://localhost:5173/node_modules/.vite/deps/chunk-YZVM2MHU.js?v=92dab8e4:3674:22)
    at Object.invokeGuardedCallbackDev (http://localhost:5173/node_modules/.vite/deps/chunk-YZVM2MHU.js?v=92dab8e4:3699:24)
    at invokeGuardedCallback (http://localhost:5173/node_modules/.vite/deps/chunk-YZVM2MHU.js?v=92dab8e4:3733:39)
    at beginWork$1 (http://localhost:5173/node_modules/.vite/deps/chunk-YZVM2MHU.js?v=92dab8e4:19765:15)
    at performUnitOfWork (http://localhost:5173/node_modules/.vite/deps/chunk-YZVM2MHU.js?v=92dab8e4:19198:20)
[ 1514909ms] Error: useAuth must be used within AuthProvider
    at useAuth (http://localhost:5173/src/context/AuthContext.tsx?t=1784035372905:67:19)
    at ProtectedRoute (http://localhost:5173/src/components/ProtectedRoute.tsx?t=1784035372905:23:29)
    at renderWithHooks (http://localhost:5173/node_modules/.vite/deps/chunk-YZVM2MHU.js?v=92dab8e4:11548:26)
    at mountIndeterminateComponent (http://localhost:5173/node_modules/.vite/deps/chunk-YZVM2MHU.js?v=92dab8e4:14926:21)
    at beginWork (http://localhost:5173/node_modules/.vite/deps/chunk-YZVM2MHU.js?v=92dab8e4:15914:22)
    at HTMLUnknownElement.callCallback2 (http://localhost:5173/node_modules/.vite/deps/chunk-YZVM2MHU.js?v=92dab8e4:3674:22)
    at Object.invokeGuardedCallbackDev (http://localhost:5173/node_modules/.vite/deps/chunk-YZVM2MHU.js?v=92dab8e4:3699:24)
    at invokeGuardedCallback (http://localhost:5173/node_modules/.vite/deps/chunk-YZVM2MHU.js?v=92dab8e4:3733:39)
    at beginWork$1 (http://localhost:5173/node_modules/.vite/deps/chunk-YZVM2MHU.js?v=92dab8e4:19765:15)
    at performUnitOfWork (http://localhost:5173/node_modules/.vite/deps/chunk-YZVM2MHU.js?v=92dab8e4:19198:20)
[ 1514913ms] [ERROR] The above error occurred in the <NavBar> component:

    at NavBar (http://localhost:5173/src/components/NavBar.tsx?t=1784035372905:30:28)
    at div
    at AuthProvider (http://localhost:5173/src/context/AuthContext.tsx?t=1784036982674:21:32)
    at Router (http://localhost:5173/node_modules/.vite/deps/react-router-dom.js?v=1047a167:4535:15)
    at BrowserRouter (http://localhost:5173/node_modules/.vite/deps/react-router-dom.js?v=1047a167:5273:5)
    at App

Consider adding an error boundary to your tree to customize error handling behavior.
Visit https://reactjs.org/link/error-boundaries to learn more about error boundaries. @ http://localhost:5173/node_modules/.vite/deps/chunk-YZVM2MHU.js?v=92dab8e4:14031
[ 1514917ms] Error: useAuth must be used within AuthProvider
    at useAuth (http://localhost:5173/src/context/AuthContext.tsx?t=1784035372905:67:19)
    at NavBar (http://localhost:5173/src/components/NavBar.tsx?t=1784035372905:30:28)
    at renderWithHooks (http://localhost:5173/node_modules/.vite/deps/chunk-YZVM2MHU.js?v=92dab8e4:11548:26)
    at mountIndeterminateComponent (http://localhost:5173/node_modules/.vite/deps/chunk-YZVM2MHU.js?v=92dab8e4:14926:21)
    at beginWork (http://localhost:5173/node_modules/.vite/deps/chunk-YZVM2MHU.js?v=92dab8e4:15914:22)
    at beginWork$1 (http://localhost:5173/node_modules/.vite/deps/chunk-YZVM2MHU.js?v=92dab8e4:19753:22)
    at performUnitOfWork (http://localhost:5173/node_modules/.vite/deps/chunk-YZVM2MHU.js?v=92dab8e4:19198:20)
    at workLoopSync (http://localhost:5173/node_modules/.vite/deps/chunk-YZVM2MHU.js?v=92dab8e4:19137:13)
    at renderRootSync (http://localhost:5173/node_modules/.vite/deps/chunk-YZVM2MHU.js?v=92dab8e4:19116:15)
    at recoverFromConcurrentError (http://localhost:5173/node_modules/.vite/deps/chunk-YZVM2MHU.js?v=92dab8e4:18736:28)
[ 1514993ms] [ERROR] Failed to load resource: the server responded with a status of 401 (Unauthorized) @ http://localhost:8000/api/auth/me:0
[ 1515001ms] [ERROR] Failed to load resource: the server responded with a status of 401 (Unauthorized) @ http://localhost:8000/api/auth/me:0
[ 1515118ms] [VERBOSE] [DOM] Input elements should have autocomplete attributes (suggested: "current-password"): (More info: https://goo.gl/9p2vKq) %o @ http://localhost:5173/login:0
